Browserslist: caniuse-lite is outdated. Please run:
  npx update-browserslist-db@latest
  Why you should do it regularly: https://github.com/browserslist/update-db#readme
i Compiling Mix
DEPRECATION WARNING: Using / for division outside of calc() is deprecated and will be removed in Dart Sass 2.0.0.

Recommendation: math.div(20em, 16) or calc(20em / 16)

More info and automated migrator: https://sass-lang.com/d/slash-div

   ╷
12 │ $fa-fw-width:          (20em / 16);
   │                         ^^^^^^^^^
   ╵
    node_modules\@fortawesome\fontawesome-free\scss\_variables.scss 12:25  @import
    node_modules\@fortawesome\fontawesome-free\scss\fontawesome.scss 5:9   @import
    resources\sass\app.scss 15:9                                           root stylesheet

DEPRECATION WARNING: Using / for division outside of calc() is deprecated and will be removed in Dart Sass 2.0.0.

Recommendation: math.div(4em, 3) or calc(4em / 3)

More info and automated migrator: https://sass-lang.com/d/slash-div

  ╷
6 │   font-size: (4em / 3);
  │               ^^^^^^^
  ╵
    node_modules\@fortawesome\fontawesome-free\scss\_larger.scss 6:15     @import
    node_modules\@fortawesome\fontawesome-free\scss\fontawesome.scss 8:9  @import
    resources\sass\app.scss 15:9                                          root stylesheet

DEPRECATION WARNING: Using / for division outside of calc() is deprecated and will be removed in Dart Sass 2.0.0.

Recommendation: math.div(3em, 4) or calc(3em / 4)

More info and automated migrator: https://sass-lang.com/d/slash-div

  ╷
7 │   line-height: (3em / 4);
  │                 ^^^^^^^
  ╵
    node_modules\@fortawesome\fontawesome-free\scss\_larger.scss 7:17     @import
    node_modules\@fortawesome\fontawesome-free\scss\fontawesome.scss 8:9  @import
    resources\sass\app.scss 15:9                                          root stylesheet

DEPRECATION WARNING: Using / for division outside of calc() is deprecated and will be removed in Dart Sass 2.0.0.

Recommendation: math.div($fa-li-width * 5, 4) or calc($fa-li-width * 5 / 4)

More info and automated migrator: https://sass-lang.com/d/slash-div

  ╷
6 │   margin-left: $fa-li-width * 5/4;
  │                ^^^^^^^^^^^^^^^^^^
  ╵
    node_modules\@fortawesome\fontawesome-free\scss\_list.scss 6:16        @import
    node_modules\@fortawesome\fontawesome-free\scss\fontawesome.scss 10:9  @import
    resources\sass\app.scss 15:9                                           root stylesheet

